../Core/Src/main.c:59:6:init_off	8	static
../Core/Src/main.c:67:6:LED0_TOGGLE	8	static
../Core/Src/main.c:71:6:LED1_TOGGLE	8	static
../Core/Src/main.c:75:6:LED2_TOGGLE	8	static
../Core/Src/main.c:79:6:LED3_TOGGLE	8	static
../Core/Src/main.c:83:6:LED4_TOGGLE	8	static
../Core/Src/main.c:87:6:LAST_TOGGLE	8	static
../Core/Src/main.c:97:5:main	8	static
../Core/Src/main.c:154:6:SystemClock_Config	72	static
../Core/Src/main.c:191:13:MX_TIM2_Init	32	static
../Core/Src/main.c:236:13:MX_GPIO_Init	32	static
../Core/Src/main.c:259:6:HAL_TIM_PeriodElapsedCallback	16	static
../Core/Src/main.c:269:6:Error_Handler	4	static,ignoring_inline_asm
