23:04:43 **** Incremental Build of configuration Debug for project 1852238-Lab4 ****
make -j8 all 
arm-none-eabi-gcc "../Core/Src/main.c" -mcpu=cortex-m3 -std=gnu11 -g3 -DDEBUG -DUSE_HAL_DRIVER -DSTM32F103x6 -c -I../Core/Inc -I../Drivers/STM32F1xx_HAL_Driver/Inc/Legacy -I../Drivers/STM32F1xx_HAL_Driver/Inc -I../Drivers/CMSIS/Device/ST/STM32F1xx/Include -I../Drivers/CMSIS/Include -O0 -ffunction-sections -fdata-sections -Wall -fstack-usage -MMD -MP -MF"Core/Src/main.d" -MT"Core/Src/main.o" --specs=nano.specs -mfloat-abi=soft -mthumb -o "Core/Src/main.o"
arm-none-eabi-gcc -o "1852238-Lab4.elf" @"objects.list"   -mcpu=cortex-m3 -T"D:\LearningMaterial\Mirco-Processor\Lab4\mProcessor-Lab4\STM32\1852238-Lab4\STM32F103C6UX_FLASH.ld" --specs=nosys.specs -Wl,-Map="1852238-Lab4.map" -Wl,--gc-sections -static --specs=nano.specs -mfloat-abi=soft -mthumb -Wl,--start-group -lc -lm -Wl,--end-group
Finished building target: 1852238-Lab4.elf
 
arm-none-eabi-size   1852238-Lab4.elf 
arm-none-eabi-objdump -h -S  1852238-Lab4.elf  > "1852238-Lab4.list"
arm-none-eabi-objcopy  -O ihex  1852238-Lab4.elf  "1852238-Lab4.hex"
   text	   data	    bss	    dec	    hex	filename
   7996	     20	   1804	   9820	   265c	1852238-Lab4.elf
Finished building: default.size.stdout
 
Finished building: 1852238-Lab4.hex
 
Finished building: 1852238-Lab4.list
 

23:04:43 Build Finished. 0 errors, 0 warnings. (took 912ms)

